[amitguptaforwork.hashnode.dev/mcar-mar-mnar.html]
[backblue.gif]
[fade.gif]
[index.html]
[cdn.hashnode.com/res/hashnode/image/upload/v1611242155728/W3_BYVVVh.png]
[cdn.hashnode.com/res/hashnode/image/upload/v1611242173172/AOX1gE2jc.png]
[cdn.hashnode.com/res/hashnode/image/upload/v1611242187756/TRTNYp32O.png]
[amitguptaforwork.hashnode.dev/static/images/brand/safari-pinned-tab-new.svg]
[amitguptaforwork.hashnode.dev/mcar-mar-mnar/rss.html]
[cdn.hashnode.com/res/hashnode/image/upload/v1759335348948/4ead57b0-0b81-454f-a5d5-938972c37be8a723.jpg]
[amitguptaforwork.hashnode.dev/_next/static/media/e4af272ccee01ff0-s.p.woff2]
[amitguptaforwork.hashnode.dev/_next/static/css/62323deb9f18e06c.css]
[amitguptaforwork.hashnode.dev/_next/static/chunks/polyfills-c67a75d1b6f99dc8.js]
[amitguptaforwork.hashnode.dev/_next/static/chunks/8820-56721d947d773244.js]
[amitguptaforwork.hashnode.dev/_next/static/chunks/3364-87c2ffca7936c855.js]
[amitguptaforwork.hashnode.dev/_next/static/chunks/8226.64bcf70d809f2c9f.js]
[amitguptaforwork.hashnode.dev/_next/static/chunks/5950-ac4ab424aa3bdc31.js]
[amitguptaforwork.hashnode.dev/_next/static/chunks/7179.58a3a6a905ed3c5b.js]
[amitguptaforwork.hashnode.dev/_next/static/chunks/webpack-13f9006097c88b74.js]
[amitguptaforwork.hashnode.dev/_next/static/chunks/framework-ce84985cd166733a.js]
[amitguptaforwork.hashnode.dev/_next/static/chunks/main-7636331dc094a8a9.js]
[amitguptaforwork.hashnode.dev/_next/static/chunks/pages/_app-75660f2a45d790be.js]
[amitguptaforwork.hashnode.dev/_next/static/chunks/0b5ea8d6-208c5eca82a94965.js]
[amitguptaforwork.hashnode.dev/_next/static/chunks/6365-3d0e1852af604b43.js]
[amitguptaforwork.hashnode.dev/_next/static/chunks/6933-f312215db97b5535.js]
[amitguptaforwork.hashnode.dev/_next/static/chunks/pages/[...slug]-0670863b9e4a6e11.js]
[amitguptaforwork.hashnode.dev/_next/static/MQT9dcvepPIR9449I1Jve/_buildManifest.js]
[amitguptaforwork.hashnode.dev/_next/static/MQT9dcvepPIR9449I1Jve/_ssgManifest.js]
[amitguptaforwork.hashnode.dev/fonts/SuisseIntl-Book-WebXL.woff2]
[amitguptaforwork.hashnode.dev/fonts/SuisseIntl-Book-WebXL.woff]
[amitguptaforwork.hashnode.dev/fonts/SuisseIntl-Medium-WebXL.woff2]
[amitguptaforwork.hashnode.dev/fonts/SuisseIntl-Medium-WebXL.woff]
[amitguptaforwork.hashnode.dev/fonts/SuisseIntl-SemiBold-WebXL.woff2]
[amitguptaforwork.hashnode.dev/fonts/SuisseIntl-SemiBold-WebXL.woff]
[amitguptaforwork.hashnode.dev/fonts/SuisseIntl-Bold-WebXL.woff2]
[amitguptaforwork.hashnode.dev/fonts/SuisseIntl-Bold-WebXL.woff]
[amitguptaforwork.hashnode.dev/rss.xml]
[amitguptaforwork.hashnode.dev/index.html]
[amitguptaforwork.hashnode.dev/index4550.html]
[cdn.hashnode.com/res/hashnode/image/upload/v1744625750145/964daf99-0a9d-4c05-89d2-b108baacda11a430.png]
[amitguptaforwork.hashnode.dev/tag/data-analysis5255.html]
[amitguptaforwork.hashnode.dev/tag/analogy5255.html]
[amitguptaforwork.hashnode.dev/tag/missing-data5255.html]
[amitguptaforwork.hashnode.dev/mcar-mar-mnar.html]
[amitguptaforwork.hashnode.dev/static/images/brand/safari-pinned-tab-new.html]
[amitguptaforwork.hashnode.dev/mcar-mar-mnar/rss.html]
[amitguptaforwork.hashnode.dev/cdn-cgi/challenge-platform/h/g/scripts/jsd/4687995f25e1/maind41d.js]
[amitguptaforwork.hashnode.dev/_next/static/media/ba9851c3c22cd980-s.woff2]
[amitguptaforwork.hashnode.dev/_next/static/media/21350d82a1f187e9-s.woff2]
[amitguptaforwork.hashnode.dev/_next/static/media/c5fe6dc8356a8c31-s.woff2]
[amitguptaforwork.hashnode.dev/_next/static/media/19cfc7226ec3afaa-s.woff2]
[amitguptaforwork.hashnode.dev/_next/static/media/df0a9ae256c0569c-s.woff2]
[amitguptaforwork.hashnode.dev/_next/static/media/8e9860b6e62d6359-s.woff2]
[amitguptaforwork.hashnode.dev/_next/static/css/62323deb9f18e06c.css]
[amitguptaforwork.hashnode.dev/api/og/home73bf.png]
[amitguptaforwork.hashnode.dev/_next/static/chunks/5772-330b7829e95060dd.js]
[amitguptaforwork.hashnode.dev/_next/static/chunks/4960-b70b6f04f379686e.js]
[amitguptaforwork.hashnode.dev/_next/static/chunks/pages/index-77bcfcca4712573b.js]
[amitguptaforwork.hashnode.dev/newsletter.html]
[cdn.hashnode.com/res/hashnode/image/upload/v1744625750145/964daf99-0a9d-4c05-89d2-b108baacda117858.png]
[amitguptaforwork.hashnode.dev/understanding-precision-and-recall-using-policeman-analogy.html]
[cdn.hashnode.com/res/hashnode/image/upload/v1759336518981/5f593c85-46f0-45e7-bd5b-6c7016ce8c18a723.jpg]
[amitguptaforwork.hashnode.dev/index.html]
[amitguptaforwork.hashnode.dev/index4550.html]
[amitguptaforwork.hashnode.dev/tag/data-analysis.html]
[amitguptaforwork.hashnode.dev/tag/data-analysis/rss.xml]
[amitguptaforwork.hashnode.dev/tag/data-analysis5255.html]
[amitguptaforwork.hashnode.dev/_next/static/chunks/pages/tag/[slug]-e686c606552a5305.js]
[amitguptaforwork.hashnode.dev/tag/analogy.html]
[amitguptaforwork.hashnode.dev/tag/analogy/rss.xml]
[amitguptaforwork.hashnode.dev/tag/analogy5255.html]
[amitguptaforwork.hashnode.dev/tag/missing-data.html]
[amitguptaforwork.hashnode.dev/tag/missing-data/rss.xml]
[amitguptaforwork.hashnode.dev/tag/missing-data5255.html]
[amitguptaforwork.hashnode.dev/api/og/home4f71.png]
[amitguptaforwork.hashnode.dev/newsletter/rss.xml]
[amitguptaforwork.hashnode.dev/_next/static/chunks/pages/newsletter-923e2b5ad0a2eeee.js]
[amitguptaforwork.hashnode.dev/newsletter.html]
[amitguptaforwork.hashnode.dev/understanding-precision-and-recall-using-policeman-analogy/rss.html]
[cdn.hashnode.com/res/hashnode/image/upload/v1759335604205/452ea1ac-7734-4bbe-bc2f-14ec29888ad92490.png]
[amitguptaforwork.hashnode.dev/tag/data-science5255.html]
[amitguptaforwork.hashnode.dev/tag/metrics5255.html]
[amitguptaforwork.hashnode.dev/understanding-precision-and-recall-using-policeman-analogy.html]
[amitguptaforwork.hashnode.dev/tag/data-analysis.html]
[amitguptaforwork.hashnode.dev/tag/data-analysis/rss.html]
[amitguptaforwork.hashnode.dev/tag/analogy.html]
[amitguptaforwork.hashnode.dev/tag/analogy/rss.html]
[amitguptaforwork.hashnode.dev/tag/missing-data.html]
[amitguptaforwork.hashnode.dev/tag/missing-data/rss.html]
[amitguptaforwork.hashnode.dev/newsletter/rss.html]
[amitguptaforwork.hashnode.dev/understanding-precision-and-recall-using-policeman-analogy/rss.html]
[amitguptaforwork.hashnode.dev/tag/classification-problems5255.html]
[amitguptaforwork.hashnode.dev/tag/data-science.html]
[amitguptaforwork.hashnode.dev/tag/data-science/rss.xml]
[amitguptaforwork.hashnode.dev/tag/data-science5255.html]
[amitguptaforwork.hashnode.dev/tag/metrics.html]
[amitguptaforwork.hashnode.dev/tag/metrics/rss.xml]
[amitguptaforwork.hashnode.dev/tag/metrics5255.html]
[amitguptaforwork.hashnode.dev/tag/classification-problems.html]
[amitguptaforwork.hashnode.dev/tag/classification-problems/rss.xml]
[amitguptaforwork.hashnode.dev/tag/classification-problems5255.html]
[amitguptaforwork.hashnode.dev/tag/data-science.html]
[amitguptaforwork.hashnode.dev/tag/data-science/rss.html]
[amitguptaforwork.hashnode.dev/tag/metrics.html]
[amitguptaforwork.hashnode.dev/tag/metrics/rss.html]
[amitguptaforwork.hashnode.dev/tag/classification-problems.html]
[amitguptaforwork.hashnode.dev/tag/classification-problems/rss.html]
